// Jest Snapshot v1, https://goo.gl/fbAQLP

exports[`CheckstyleParser can parse an empty Checkstyle report 1`] = `
Object {
  "violations": Array [],
}
`;
