// Jest Snapshot v1, https://goo.gl/fbAQLP

exports[`CpdParser can parse an empty CPD report 1`] = `
Object {
  "duplications": Array [],
}
`;
